---
source: tests/test_parser.rs
expression: events
input_file: tests/inputs/text.md
---
- - type: start_tag
    tag: paragraph
  - offset: 0
    len: 20
    line: 1
    column: 0
- - type: text
    text: "foo "
  - offset: 0
    len: 4
    line: 1
    column: 0
- - type: text
    text: "["
  - offset: 4
    len: 1
    line: 1
    column: 4
- - type: text
    text: bar
  - offset: 5
    len: 3
    line: 1
    column: 5
- - type: text
    text: "]"
  - offset: 8
    len: 1
    line: 1
    column: 8
- - type: text
    text: " baz"
  - offset: 9
    len: 4
    line: 1
    column: 9
- - type: text
    text: _blah.
  - offset: 14
    len: 6
    line: 1
    column: 14
- - type: end_tag
    tag: paragraph
  - offset: 0
    len: 20
    line: 1
    column: 0
