---
source: tests/test_parser.rs
expression: events
input_file: tests/inputs/headings.md
---
- - type: start_tag
    tag: heading1
  - offset: 0
    len: 16
    line: 1
    column: 0
- - type: text
    text: "One {#id-one}"
  - offset: 2
    len: 13
    line: 1
    column: 2
- - type: end_tag
    tag: heading1
  - offset: 0
    len: 16
    line: 1
    column: 0
- - type: start_tag
    tag: heading2
  - offset: 17
    len: 17
    line: 3
    column: 0
- - type: text
    text: "Two {#id-two}"
  - offset: 20
    len: 13
    line: 3
    column: 3
- - type: end_tag
    tag: heading2
  - offset: 17
    len: 17
    line: 3
    column: 0
- - type: start_tag
    tag: heading3
  - offset: 35
    len: 10
    line: 5
    column: 0
- - type: text
    text: Three
  - offset: 39
    len: 5
    line: 5
    column: 4
- - type: end_tag
    tag: heading3
  - offset: 35
    len: 10
    line: 5
    column: 0
- - type: start_tag
    tag: heading4
  - offset: 46
    len: 10
    line: 7
    column: 0
- - type: text
    text: Four
  - offset: 51
    len: 4
    line: 7
    column: 5
- - type: end_tag
    tag: heading4
  - offset: 46
    len: 10
    line: 7
    column: 0
- - type: start_tag
    tag: heading5
  - offset: 57
    len: 11
    line: 9
    column: 0
- - type: text
    text: Five
  - offset: 63
    len: 4
    line: 9
    column: 6
- - type: end_tag
    tag: heading5
  - offset: 57
    len: 11
    line: 9
    column: 0
- - type: start_tag
    tag: heading6
  - offset: 69
    len: 11
    line: 11
    column: 0
- - type: text
    text: Six
  - offset: 76
    len: 3
    line: 11
    column: 7
- - type: end_tag
    tag: heading6
  - offset: 69
    len: 11
    line: 11
    column: 0
- - type: start_tag
    tag: paragraph
  - offset: 81
    len: 14
    line: 13
    column: 0
- - type: text
    text: "####### Seven"
  - offset: 81
    len: 13
    line: 13
    column: 0
- - type: end_tag
    tag: paragraph
  - offset: 81
    len: 14
    line: 13
    column: 0
